Archive member included because of file (symbol)

c:/winavr-20100110/bin/../lib/gcc/avr/4.3.3/avr4\libgcc.a(_divmodsi4.o)
                              accelaraometer.o (__divmodsi4)
c:/winavr-20100110/bin/../lib/gcc/avr/4.3.3/avr4\libgcc.a(_exit.o)
                              c:/winavr-20100110/bin/../lib/gcc/avr/4.3.3/../../../../avr/lib/avr4/crtm8.o (exit)
c:/winavr-20100110/bin/../lib/gcc/avr/4.3.3/avr4\libgcc.a(_copy_data.o)
                              accelaraometer.o (__do_copy_data)
c:/winavr-20100110/bin/../lib/gcc/avr/4.3.3/avr4\libgcc.a(_div_sf.o)
                              accelaraometer.o (__divsf3)
c:/winavr-20100110/bin/../lib/gcc/avr/4.3.3/avr4\libgcc.a(_sf_to_si.o)
                              accelaraometer.o (__fixsfsi)
c:/winavr-20100110/bin/../lib/gcc/avr/4.3.3/avr4\libgcc.a(_thenan_sf.o)
                              c:/winavr-20100110/bin/../lib/gcc/avr/4.3.3/avr4\libgcc.a(_div_sf.o) (__thenan_sf)
c:/winavr-20100110/bin/../lib/gcc/avr/4.3.3/avr4\libgcc.a(_usi_to_sf.o)
                              accelaraometer.o (__floatunsisf)
c:/winavr-20100110/bin/../lib/gcc/avr/4.3.3/avr4\libgcc.a(_udivmodsi4.o)
                              c:/winavr-20100110/bin/../lib/gcc/avr/4.3.3/avr4\libgcc.a(_divmodsi4.o) (__udivmodsi4)
c:/winavr-20100110/bin/../lib/gcc/avr/4.3.3/avr4\libgcc.a(_prologue.o)
                              c:/winavr-20100110/bin/../lib/gcc/avr/4.3.3/avr4\libgcc.a(_div_sf.o) (__prologue_saves__)
c:/winavr-20100110/bin/../lib/gcc/avr/4.3.3/avr4\libgcc.a(_epilogue.o)
                              c:/winavr-20100110/bin/../lib/gcc/avr/4.3.3/avr4\libgcc.a(_div_sf.o) (__epilogue_restores__)
c:/winavr-20100110/bin/../lib/gcc/avr/4.3.3/avr4\libgcc.a(_clzsi2.o)
                              c:/winavr-20100110/bin/../lib/gcc/avr/4.3.3/avr4\libgcc.a(_usi_to_sf.o) (__clzsi2)
c:/winavr-20100110/bin/../lib/gcc/avr/4.3.3/avr4\libgcc.a(_pack_sf.o)
                              c:/winavr-20100110/bin/../lib/gcc/avr/4.3.3/avr4\libgcc.a(_div_sf.o) (__pack_f)
c:/winavr-20100110/bin/../lib/gcc/avr/4.3.3/avr4\libgcc.a(_unpack_sf.o)
                              c:/winavr-20100110/bin/../lib/gcc/avr/4.3.3/avr4\libgcc.a(_div_sf.o) (__unpack_f)
c:/winavr-20100110/bin/../lib/gcc/avr/4.3.3/avr4\libgcc.a(_clz.o)
                              c:/winavr-20100110/bin/../lib/gcc/avr/4.3.3/avr4\libgcc.a(_clzsi2.o) (__clz_tab)

Memory Configuration

Name             Origin             Length             Attributes
text             0x00000000         0x00002000         xr
data             0x00800060         0x0000ffa0         rw !x
eeprom           0x00810000         0x00010000         rw !x
fuse             0x00820000         0x00000400         rw !x
lock             0x00830000         0x00000400         rw !x
signature        0x00840000         0x00000400         rw !x
*default*        0x00000000         0xffffffff

Linker script and memory map

LOAD c:/winavr-20100110/bin/../lib/gcc/avr/4.3.3/../../../../avr/lib/avr4/crtm8.o
LOAD accelaraometer.o
LOAD c:/winavr-20100110/bin/../lib/gcc/avr/4.3.3/avr4\libgcc.a
LOAD c:/winavr-20100110/bin/../lib/gcc/avr/4.3.3/../../../../avr/lib/avr4\libc.a
LOAD c:/winavr-20100110/bin/../lib/gcc/avr/4.3.3/avr4\libgcc.a

.hash
 *(.hash)

.dynsym
 *(.dynsym)

.dynstr
 *(.dynstr)

.gnu.version
 *(.gnu.version)

.gnu.version_d
 *(.gnu.version_d)

.gnu.version_r
 *(.gnu.version_r)

.rel.init
 *(.rel.init)

.rela.init
 *(.rela.init)

.rel.text
 *(.rel.text)
 *(.rel.text.*)
 *(.rel.gnu.linkonce.t*)

.rela.text
 *(.rela.text)
 *(.rela.text.*)
 *(.rela.gnu.linkonce.t*)

.rel.fini
 *(.rel.fini)

.rela.fini
 *(.rela.fini)

.rel.rodata
 *(.rel.rodata)
 *(.rel.rodata.*)
 *(.rel.gnu.linkonce.r*)

.rela.rodata
 *(.rela.rodata)
 *(.rela.rodata.*)
 *(.rela.gnu.linkonce.r*)

.rel.data
 *(.rel.data)
 *(.rel.data.*)
 *(.rel.gnu.linkonce.d*)

.rela.data
 *(.rela.data)
 *(.rela.data.*)
 *(.rela.gnu.linkonce.d*)

.rel.ctors
 *(.rel.ctors)

.rela.ctors
 *(.rela.ctors)

.rel.dtors
 *(.rel.dtors)

.rela.dtors
 *(.rela.dtors)

.rel.got
 *(.rel.got)

.rela.got
 *(.rela.got)

.rel.bss
 *(.rel.bss)

.rela.bss
 *(.rela.bss)

.rel.plt
 *(.rel.plt)

.rela.plt
 *(.rela.plt)

.text           0x00000000      0xa32
 *(.vectors)
 .vectors       0x00000000       0x26 c:/winavr-20100110/bin/../lib/gcc/avr/4.3.3/../../../../avr/lib/avr4/crtm8.o
                0x00000000                __vectors
                0x00000000                __vector_default
 *(.vectors)
 *(.progmem.gcc*)
 *(.progmem*)
                0x00000026                . = ALIGN (0x2)
                0x00000026                __trampolines_start = .
 *(.trampolines)
 .trampolines   0x00000026        0x0 linker stubs
 *(.trampolines*)
                0x00000026                __trampolines_end = .
 *(.jumptables)
 *(.jumptables*)
 *(.lowtext)
 *(.lowtext*)
                0x00000026                __ctors_start = .
 *(.ctors)
                0x00000026                __ctors_end = .
                0x00000026                __dtors_start = .
 *(.dtors)
                0x00000026                __dtors_end = .
 SORT(*)(.ctors)
 SORT(*)(.dtors)
 *(.init0)
 .init0         0x00000026        0x0 c:/winavr-20100110/bin/../lib/gcc/avr/4.3.3/../../../../avr/lib/avr4/crtm8.o
                0x00000026                __init
 *(.init0)
 *(.init1)
 *(.init1)
 *(.init2)
 .init2         0x00000026        0xc c:/winavr-20100110/bin/../lib/gcc/avr/4.3.3/../../../../avr/lib/avr4/crtm8.o
 *(.init2)
 *(.init3)
 *(.init3)
 *(.init4)
 .init4         0x00000032       0x16 c:/winavr-20100110/bin/../lib/gcc/avr/4.3.3/avr4\libgcc.a(_copy_data.o)
                0x00000032                __do_copy_data
 *(.init4)
 *(.init5)
 *(.init5)
 *(.init6)
 *(.init6)
 *(.init7)
 *(.init7)
 *(.init8)
 *(.init8)
 *(.init9)
 .init9         0x00000048        0x4 c:/winavr-20100110/bin/../lib/gcc/avr/4.3.3/../../../../avr/lib/avr4/crtm8.o
 *(.init9)
 *(.text)
 .text          0x0000004c        0x2 c:/winavr-20100110/bin/../lib/gcc/avr/4.3.3/../../../../avr/lib/avr4/crtm8.o
                0x0000004c                __vector_1
                0x0000004c                __vector_12
                0x0000004c                __bad_interrupt
                0x0000004c                __vector_6
                0x0000004c                __vector_3
                0x0000004c                __vector_11
                0x0000004c                __vector_13
                0x0000004c                __vector_17
                0x0000004c                __vector_7
                0x0000004c                __vector_5
                0x0000004c                __vector_4
                0x0000004c                __vector_9
                0x0000004c                __vector_2
                0x0000004c                __vector_15
                0x0000004c                __vector_8
                0x0000004c                __vector_14
                0x0000004c                __vector_10
                0x0000004c                __vector_16
                0x0000004c                __vector_18
 .text          0x0000004e      0x2e6 accelaraometer.o
                0x0000004e                lcmd
                0x00000094                li2s
                0x0000005e                ldata
                0x00000156                main
                0x00000072                lstr
 .text          0x00000334        0x0 c:/winavr-20100110/bin/../lib/gcc/avr/4.3.3/avr4\libgcc.a(_divmodsi4.o)
 .text          0x00000334        0x0 c:/winavr-20100110/bin/../lib/gcc/avr/4.3.3/avr4\libgcc.a(_exit.o)
 .text          0x00000334        0x0 c:/winavr-20100110/bin/../lib/gcc/avr/4.3.3/avr4\libgcc.a(_copy_data.o)
 .text          0x00000334      0x14e c:/winavr-20100110/bin/../lib/gcc/avr/4.3.3/avr4\libgcc.a(_div_sf.o)
                0x00000334                __divsf3
 .text          0x00000482       0xa2 c:/winavr-20100110/bin/../lib/gcc/avr/4.3.3/avr4\libgcc.a(_sf_to_si.o)
                0x00000482                __fixsfsi
 .text          0x00000524        0x0 c:/winavr-20100110/bin/../lib/gcc/avr/4.3.3/avr4\libgcc.a(_thenan_sf.o)
 .text          0x00000524       0xea c:/winavr-20100110/bin/../lib/gcc/avr/4.3.3/avr4\libgcc.a(_usi_to_sf.o)
                0x00000524                __floatunsisf
 .text          0x0000060e        0x0 c:/winavr-20100110/bin/../lib/gcc/avr/4.3.3/avr4\libgcc.a(_udivmodsi4.o)
 .text          0x0000060e        0x0 c:/winavr-20100110/bin/../lib/gcc/avr/4.3.3/avr4\libgcc.a(_prologue.o)
 .text          0x0000060e        0x0 c:/winavr-20100110/bin/../lib/gcc/avr/4.3.3/avr4\libgcc.a(_epilogue.o)
 .text          0x0000060e       0x9e c:/winavr-20100110/bin/../lib/gcc/avr/4.3.3/avr4\libgcc.a(_clzsi2.o)
                0x0000060e                __clzsi2
 .text          0x000006ac      0x1aa c:/winavr-20100110/bin/../lib/gcc/avr/4.3.3/avr4\libgcc.a(_pack_sf.o)
                0x000006ac                __pack_f
 .text          0x00000856       0xf0 c:/winavr-20100110/bin/../lib/gcc/avr/4.3.3/avr4\libgcc.a(_unpack_sf.o)
                0x00000856                __unpack_f
 .text          0x00000946        0x0 c:/winavr-20100110/bin/../lib/gcc/avr/4.3.3/avr4\libgcc.a(_clz.o)
                0x00000946                . = ALIGN (0x2)
 *(.text.*)
 .text.libgcc   0x00000946       0x36 c:/winavr-20100110/bin/../lib/gcc/avr/4.3.3/avr4\libgcc.a(_divmodsi4.o)
                0x00000946                __divmodsi4
 .text.libgcc   0x0000097c        0x0 c:/winavr-20100110/bin/../lib/gcc/avr/4.3.3/avr4\libgcc.a(_exit.o)
 .text.libgcc   0x0000097c        0x0 c:/winavr-20100110/bin/../lib/gcc/avr/4.3.3/avr4\libgcc.a(_copy_data.o)
 .text.libgcc   0x0000097c       0x44 c:/winavr-20100110/bin/../lib/gcc/avr/4.3.3/avr4\libgcc.a(_udivmodsi4.o)
                0x0000097c                __udivmodsi4
 .text.libgcc   0x000009c0       0x38 c:/winavr-20100110/bin/../lib/gcc/avr/4.3.3/avr4\libgcc.a(_prologue.o)
                0x000009c0                __prologue_saves__
 .text.libgcc   0x000009f8       0x36 c:/winavr-20100110/bin/../lib/gcc/avr/4.3.3/avr4\libgcc.a(_epilogue.o)
                0x000009f8                __epilogue_restores__
                0x00000a2e                . = ALIGN (0x2)
 *(.fini9)
 .fini9         0x00000a2e        0x0 c:/winavr-20100110/bin/../lib/gcc/avr/4.3.3/avr4\libgcc.a(_exit.o)
                0x00000a2e                exit
                0x00000a2e                _exit
 *(.fini9)
 *(.fini8)
 *(.fini8)
 *(.fini7)
 *(.fini7)
 *(.fini6)
 *(.fini6)
 *(.fini5)
 *(.fini5)
 *(.fini4)
 *(.fini4)
 *(.fini3)
 *(.fini3)
 *(.fini2)
 *(.fini2)
 *(.fini1)
 *(.fini1)
 *(.fini0)
 .fini0         0x00000a2e        0x4 c:/winavr-20100110/bin/../lib/gcc/avr/4.3.3/avr4\libgcc.a(_exit.o)
 *(.fini0)
                0x00000a32                _etext = .

.data           0x00800060      0x132 load address 0x00000a32
                0x00800060                PROVIDE (__data_start, .)
 *(.data)
 .data          0x00800060        0x0 c:/winavr-20100110/bin/../lib/gcc/avr/4.3.3/../../../../avr/lib/avr4/crtm8.o
 .data          0x00800060       0x29 accelaraometer.o
 .data          0x00800089        0x0 c:/winavr-20100110/bin/../lib/gcc/avr/4.3.3/avr4\libgcc.a(_divmodsi4.o)
 .data          0x00800089        0x0 c:/winavr-20100110/bin/../lib/gcc/avr/4.3.3/avr4\libgcc.a(_exit.o)
 .data          0x00800089        0x0 c:/winavr-20100110/bin/../lib/gcc/avr/4.3.3/avr4\libgcc.a(_copy_data.o)
 .data          0x00800089        0x0 c:/winavr-20100110/bin/../lib/gcc/avr/4.3.3/avr4\libgcc.a(_div_sf.o)
 .data          0x00800089        0x0 c:/winavr-20100110/bin/../lib/gcc/avr/4.3.3/avr4\libgcc.a(_sf_to_si.o)
 .data          0x00800089        0x8 c:/winavr-20100110/bin/../lib/gcc/avr/4.3.3/avr4\libgcc.a(_thenan_sf.o)
                0x00800089                __thenan_sf
 .data          0x00800091        0x0 c:/winavr-20100110/bin/../lib/gcc/avr/4.3.3/avr4\libgcc.a(_usi_to_sf.o)
 .data          0x00800091        0x0 c:/winavr-20100110/bin/../lib/gcc/avr/4.3.3/avr4\libgcc.a(_udivmodsi4.o)
 .data          0x00800091        0x0 c:/winavr-20100110/bin/../lib/gcc/avr/4.3.3/avr4\libgcc.a(_prologue.o)
 .data          0x00800091        0x0 c:/winavr-20100110/bin/../lib/gcc/avr/4.3.3/avr4\libgcc.a(_epilogue.o)
 .data          0x00800091        0x0 c:/winavr-20100110/bin/../lib/gcc/avr/4.3.3/avr4\libgcc.a(_clzsi2.o)
 .data          0x00800091        0x0 c:/winavr-20100110/bin/../lib/gcc/avr/4.3.3/avr4\libgcc.a(_pack_sf.o)
 .data          0x00800091        0x0 c:/winavr-20100110/bin/../lib/gcc/avr/4.3.3/avr4\libgcc.a(_unpack_sf.o)
 .data          0x00800091      0x100 c:/winavr-20100110/bin/../lib/gcc/avr/4.3.3/avr4\libgcc.a(_clz.o)
                0x00800091                __clz_tab
 *(.data*)
 *(.rodata)
 *(.rodata*)
 *(.gnu.linkonce.d*)
                0x00800192                . = ALIGN (0x2)
 *fill*         0x00800191        0x1 00
                0x00800192                _edata = .
                0x00800192                PROVIDE (__data_end, .)

.bss            0x00800192        0x0
                0x00800192                PROVIDE (__bss_start, .)
 *(.bss)
 .bss           0x00800192        0x0 c:/winavr-20100110/bin/../lib/gcc/avr/4.3.3/../../../../avr/lib/avr4/crtm8.o
 .bss           0x00800192        0x0 accelaraometer.o
 .bss           0x00800192        0x0 c:/winavr-20100110/bin/../lib/gcc/avr/4.3.3/avr4\libgcc.a(_divmodsi4.o)
 .bss           0x00800192        0x0 c:/winavr-20100110/bin/../lib/gcc/avr/4.3.3/avr4\libgcc.a(_exit.o)
 .bss           0x00800192        0x0 c:/winavr-20100110/bin/../lib/gcc/avr/4.3.3/avr4\libgcc.a(_copy_data.o)
 .bss           0x00800192        0x0 c:/winavr-20100110/bin/../lib/gcc/avr/4.3.3/avr4\libgcc.a(_div_sf.o)
 .bss           0x00800192        0x0 c:/winavr-20100110/bin/../lib/gcc/avr/4.3.3/avr4\libgcc.a(_sf_to_si.o)
 .bss           0x00800192        0x0 c:/winavr-20100110/bin/../lib/gcc/avr/4.3.3/avr4\libgcc.a(_thenan_sf.o)
 .bss           0x00800192        0x0 c:/winavr-20100110/bin/../lib/gcc/avr/4.3.3/avr4\libgcc.a(_usi_to_sf.o)
 .bss           0x00800192        0x0 c:/winavr-20100110/bin/../lib/gcc/avr/4.3.3/avr4\libgcc.a(_udivmodsi4.o)
 .bss           0x00800192        0x0 c:/winavr-20100110/bin/../lib/gcc/avr/4.3.3/avr4\libgcc.a(_prologue.o)
 .bss           0x00800192        0x0 c:/winavr-20100110/bin/../lib/gcc/avr/4.3.3/avr4\libgcc.a(_epilogue.o)
 .bss           0x00800192        0x0 c:/winavr-20100110/bin/../lib/gcc/avr/4.3.3/avr4\libgcc.a(_clzsi2.o)
 .bss           0x00800192        0x0 c:/winavr-20100110/bin/../lib/gcc/avr/4.3.3/avr4\libgcc.a(_pack_sf.o)
 .bss           0x00800192        0x0 c:/winavr-20100110/bin/../lib/gcc/avr/4.3.3/avr4\libgcc.a(_unpack_sf.o)
 .bss           0x00800192        0x0 c:/winavr-20100110/bin/../lib/gcc/avr/4.3.3/avr4\libgcc.a(_clz.o)
 *(.bss*)
 *(COMMON)
                0x00800192                PROVIDE (__bss_end, .)
                0x00000a32                __data_load_start = LOADADDR (.data)
                0x00000b64                __data_load_end = (__data_load_start + SIZEOF (.data))

.noinit         0x00800192        0x0
                0x00800192                PROVIDE (__noinit_start, .)
 *(.noinit*)
                0x00800192                PROVIDE (__noinit_end, .)
                0x00800192                _end = .
                0x00800192                PROVIDE (__heap_start, .)

.eeprom         0x00810000        0x0
 *(.eeprom*)
                0x00810000                __eeprom_end = .

.fuse
 *(.fuse)
 *(.lfuse)
 *(.hfuse)
 *(.efuse)

.lock
 *(.lock*)

.signature
 *(.signature*)

.stab
 *(.stab)

.stabstr
 *(.stabstr)

.stab.excl
 *(.stab.excl)

.stab.exclstr
 *(.stab.exclstr)

.stab.index
 *(.stab.index)

.stab.indexstr
 *(.stab.indexstr)

.comment
 *(.comment)

.debug
 *(.debug)

.line
 *(.line)

.debug_srcinfo
 *(.debug_srcinfo)

.debug_sfnames
 *(.debug_sfnames)

.debug_aranges  0x00000000       0xe0
 *(.debug_aranges)
 .debug_aranges
                0x00000000       0x20 accelaraometer.o
 .debug_aranges
                0x00000020       0x20 c:/winavr-20100110/bin/../lib/gcc/avr/4.3.3/avr4\libgcc.a(_div_sf.o)
 .debug_aranges
                0x00000040       0x20 c:/winavr-20100110/bin/../lib/gcc/avr/4.3.3/avr4\libgcc.a(_sf_to_si.o)
 .debug_aranges
                0x00000060       0x20 c:/winavr-20100110/bin/../lib/gcc/avr/4.3.3/avr4\libgcc.a(_usi_to_sf.o)
 .debug_aranges
                0x00000080       0x20 c:/winavr-20100110/bin/../lib/gcc/avr/4.3.3/avr4\libgcc.a(_clzsi2.o)
 .debug_aranges
                0x000000a0       0x20 c:/winavr-20100110/bin/../lib/gcc/avr/4.3.3/avr4\libgcc.a(_pack_sf.o)
 .debug_aranges
                0x000000c0       0x20 c:/winavr-20100110/bin/../lib/gcc/avr/4.3.3/avr4\libgcc.a(_unpack_sf.o)

.debug_pubnames
                0x00000000      0x144
 *(.debug_pubnames)
 .debug_pubnames
                0x00000000       0x40 accelaraometer.o
 .debug_pubnames
                0x00000040       0x1f c:/winavr-20100110/bin/../lib/gcc/avr/4.3.3/avr4\libgcc.a(_div_sf.o)
 .debug_pubnames
                0x0000005f       0x20 c:/winavr-20100110/bin/../lib/gcc/avr/4.3.3/avr4\libgcc.a(_sf_to_si.o)
 .debug_pubnames
                0x0000007f       0x22 c:/winavr-20100110/bin/../lib/gcc/avr/4.3.3/avr4\libgcc.a(_thenan_sf.o)
 .debug_pubnames
                0x000000a1       0x24 c:/winavr-20100110/bin/../lib/gcc/avr/4.3.3/avr4\libgcc.a(_usi_to_sf.o)
 .debug_pubnames
                0x000000c5       0x1f c:/winavr-20100110/bin/../lib/gcc/avr/4.3.3/avr4\libgcc.a(_clzsi2.o)
 .debug_pubnames
                0x000000e4       0x1f c:/winavr-20100110/bin/../lib/gcc/avr/4.3.3/avr4\libgcc.a(_pack_sf.o)
 .debug_pubnames
                0x00000103       0x21 c:/winavr-20100110/bin/../lib/gcc/avr/4.3.3/avr4\libgcc.a(_unpack_sf.o)
 .debug_pubnames
                0x00000124       0x20 c:/winavr-20100110/bin/../lib/gcc/avr/4.3.3/avr4\libgcc.a(_clz.o)

.debug_info     0x00000000     0x163e
 *(.debug_info)
 .debug_info    0x00000000      0x570 accelaraometer.o
 .debug_info    0x00000570      0x3fc c:/winavr-20100110/bin/../lib/gcc/avr/4.3.3/avr4\libgcc.a(_div_sf.o)
 .debug_info    0x0000096c      0x2b0 c:/winavr-20100110/bin/../lib/gcc/avr/4.3.3/avr4\libgcc.a(_sf_to_si.o)
 .debug_info    0x00000c1c      0x12c c:/winavr-20100110/bin/../lib/gcc/avr/4.3.3/avr4\libgcc.a(_thenan_sf.o)
 .debug_info    0x00000d48      0x206 c:/winavr-20100110/bin/../lib/gcc/avr/4.3.3/avr4\libgcc.a(_usi_to_sf.o)
 .debug_info    0x00000f4e      0x117 c:/winavr-20100110/bin/../lib/gcc/avr/4.3.3/avr4\libgcc.a(_clzsi2.o)
 .debug_info    0x00001065      0x2df c:/winavr-20100110/bin/../lib/gcc/avr/4.3.3/avr4\libgcc.a(_pack_sf.o)
 .debug_info    0x00001344      0x251 c:/winavr-20100110/bin/../lib/gcc/avr/4.3.3/avr4\libgcc.a(_unpack_sf.o)
 .debug_info    0x00001595       0xa9 c:/winavr-20100110/bin/../lib/gcc/avr/4.3.3/avr4\libgcc.a(_clz.o)
 *(.gnu.linkonce.wi.*)

.debug_abbrev   0x00000000      0xb56
 *(.debug_abbrev)
 .debug_abbrev  0x00000000      0x17b accelaraometer.o
 .debug_abbrev  0x0000017b      0x216 c:/winavr-20100110/bin/../lib/gcc/avr/4.3.3/avr4\libgcc.a(_div_sf.o)
 .debug_abbrev  0x00000391      0x17f c:/winavr-20100110/bin/../lib/gcc/avr/4.3.3/avr4\libgcc.a(_sf_to_si.o)
 .debug_abbrev  0x00000510       0xad c:/winavr-20100110/bin/../lib/gcc/avr/4.3.3/avr4\libgcc.a(_thenan_sf.o)
 .debug_abbrev  0x000005bd      0x157 c:/winavr-20100110/bin/../lib/gcc/avr/4.3.3/avr4\libgcc.a(_usi_to_sf.o)
 .debug_abbrev  0x00000714       0xc4 c:/winavr-20100110/bin/../lib/gcc/avr/4.3.3/avr4\libgcc.a(_clzsi2.o)
 .debug_abbrev  0x000007d8      0x1c0 c:/winavr-20100110/bin/../lib/gcc/avr/4.3.3/avr4\libgcc.a(_pack_sf.o)
 .debug_abbrev  0x00000998      0x154 c:/winavr-20100110/bin/../lib/gcc/avr/4.3.3/avr4\libgcc.a(_unpack_sf.o)
 .debug_abbrev  0x00000aec       0x6a c:/winavr-20100110/bin/../lib/gcc/avr/4.3.3/avr4\libgcc.a(_clz.o)

.debug_line     0x00000000      0xd93
 *(.debug_line)
 .debug_line    0x00000000      0x4fc accelaraometer.o
 .debug_line    0x000004fc      0x1d5 c:/winavr-20100110/bin/../lib/gcc/avr/4.3.3/avr4\libgcc.a(_div_sf.o)
 .debug_line    0x000006d1      0x109 c:/winavr-20100110/bin/../lib/gcc/avr/4.3.3/avr4\libgcc.a(_sf_to_si.o)
 .debug_line    0x000007da       0x90 c:/winavr-20100110/bin/../lib/gcc/avr/4.3.3/avr4\libgcc.a(_thenan_sf.o)
 .debug_line    0x0000086a      0x133 c:/winavr-20100110/bin/../lib/gcc/avr/4.3.3/avr4\libgcc.a(_usi_to_sf.o)
 .debug_line    0x0000099d       0xa5 c:/winavr-20100110/bin/../lib/gcc/avr/4.3.3/avr4\libgcc.a(_clzsi2.o)
 .debug_line    0x00000a42      0x18a c:/winavr-20100110/bin/../lib/gcc/avr/4.3.3/avr4\libgcc.a(_pack_sf.o)
 .debug_line    0x00000bcc      0x14b c:/winavr-20100110/bin/../lib/gcc/avr/4.3.3/avr4\libgcc.a(_unpack_sf.o)
 .debug_line    0x00000d17       0x7c c:/winavr-20100110/bin/../lib/gcc/avr/4.3.3/avr4\libgcc.a(_clz.o)

.debug_frame    0x00000000      0x120
 *(.debug_frame)
 .debug_frame   0x00000000       0x60 accelaraometer.o
 .debug_frame   0x00000060       0x20 c:/winavr-20100110/bin/../lib/gcc/avr/4.3.3/avr4\libgcc.a(_div_sf.o)
 .debug_frame   0x00000080       0x20 c:/winavr-20100110/bin/../lib/gcc/avr/4.3.3/avr4\libgcc.a(_sf_to_si.o)
 .debug_frame   0x000000a0       0x20 c:/winavr-20100110/bin/../lib/gcc/avr/4.3.3/avr4\libgcc.a(_usi_to_sf.o)
 .debug_frame   0x000000c0       0x20 c:/winavr-20100110/bin/../lib/gcc/avr/4.3.3/avr4\libgcc.a(_clzsi2.o)
 .debug_frame   0x000000e0       0x20 c:/winavr-20100110/bin/../lib/gcc/avr/4.3.3/avr4\libgcc.a(_pack_sf.o)
 .debug_frame   0x00000100       0x20 c:/winavr-20100110/bin/../lib/gcc/avr/4.3.3/avr4\libgcc.a(_unpack_sf.o)

.debug_str      0x00000000      0x344
 *(.debug_str)
 .debug_str     0x00000000      0x13c accelaraometer.o
                                0x170 (size before relaxing)
 .debug_str     0x0000013c      0x166 c:/winavr-20100110/bin/../lib/gcc/avr/4.3.3/avr4\libgcc.a(_div_sf.o)
                                0x1c8 (size before relaxing)
 .debug_str     0x000002a2        0xa c:/winavr-20100110/bin/../lib/gcc/avr/4.3.3/avr4\libgcc.a(_sf_to_si.o)
                                0x19e (size before relaxing)
 .debug_str     0x00000000      0x103 c:/winavr-20100110/bin/../lib/gcc/avr/4.3.3/avr4\libgcc.a(_thenan_sf.o)
 .debug_str     0x000002ac       0x21 c:/winavr-20100110/bin/../lib/gcc/avr/4.3.3/avr4\libgcc.a(_usi_to_sf.o)
                                0x177 (size before relaxing)
 .debug_str     0x000002cd       0x5c c:/winavr-20100110/bin/../lib/gcc/avr/4.3.3/avr4\libgcc.a(_clzsi2.o)
                                0x111 (size before relaxing)
 .debug_str     0x00000329       0x10 c:/winavr-20100110/bin/../lib/gcc/avr/4.3.3/avr4\libgcc.a(_pack_sf.o)
                                0x19d (size before relaxing)
 .debug_str     0x00000339        0xb c:/winavr-20100110/bin/../lib/gcc/avr/4.3.3/avr4\libgcc.a(_unpack_sf.o)
                                0x17f (size before relaxing)
 .debug_str     0x00000000       0xf4 c:/winavr-20100110/bin/../lib/gcc/avr/4.3.3/avr4\libgcc.a(_clz.o)

.debug_loc      0x00000000      0x5f2
 *(.debug_loc)
 .debug_loc     0x00000000      0x1ea accelaraometer.o
 .debug_loc     0x000001ea       0xc0 c:/winavr-20100110/bin/../lib/gcc/avr/4.3.3/avr4\libgcc.a(_div_sf.o)
 .debug_loc     0x000002aa       0x7e c:/winavr-20100110/bin/../lib/gcc/avr/4.3.3/avr4\libgcc.a(_sf_to_si.o)
 .debug_loc     0x00000328       0x4c c:/winavr-20100110/bin/../lib/gcc/avr/4.3.3/avr4\libgcc.a(_usi_to_sf.o)
 .debug_loc     0x00000374       0x94 c:/winavr-20100110/bin/../lib/gcc/avr/4.3.3/avr4\libgcc.a(_clzsi2.o)
 .debug_loc     0x00000408      0x13e c:/winavr-20100110/bin/../lib/gcc/avr/4.3.3/avr4\libgcc.a(_pack_sf.o)
 .debug_loc     0x00000546       0xac c:/winavr-20100110/bin/../lib/gcc/avr/4.3.3/avr4\libgcc.a(_unpack_sf.o)

.debug_macinfo
 *(.debug_macinfo)
OUTPUT(accelaraometer.elf elf32-avr)
LOAD linker stubs

.debug_ranges   0x00000000      0x120
 .debug_ranges  0x00000000      0x120 accelaraometer.o
